error: package bait.this_should_not_exist not found
