lib/bait/tests/inout_error/fun_param_is_immutable.in.bt:2:2 error: cannot assign to immutable variable "a"
