lib/bait/tests/inout_error/enum/duplicate_field.in.bt:3:4 error: duplicate field name foo
