lib/bait/tests/inout_error/enum/empty.in.bt:1:4 error: enum cannot be empty
